// Jest Snapshot v1, https://goo.gl/fbAQLP

exports[`<GoogleLoginButton /> tests should match snapshot 1`] = `
<div>
  <button
    class="ui big fluid button space google plus"
  >
    <i
      aria-hidden="true"
      class="google icon"
    />
    Log In Using Google
  </button>
</div>
`;
