// Jest Snapshot v1, https://goo.gl/fbAQLP

exports[`<Clients /> tests should match snapshot 1`] = `
<div>
  <nav
    class="navbar navbar-expand-lg navbar-light"
  >
    <div
      class="container"
    >
      <a
        class="navbar-brand"
        href="/"
      >
        InvoiceMyClients.com
      </a>
      <button
        aria-controls="navbarCollapse"
        aria-expanded="false"
        aria-label="Toggle navigation"
        class="navbar-toggler"
        data-target="#navbarCollapse"
        data-toggle="collapse"
        type="button"
      >
        <span
          class="navbar-toggler-icon"
        />
      </button>
      <div
        class="collapse navbar-collapse"
        id="navbarCollapse"
      >
        <button
          aria-controls="navbarCollapse"
          aria-expanded="false"
          aria-label="Toggle navigation"
          class="navbar-toggler"
          data-target="#navbarCollapse"
          data-toggle="collapse"
          type="button"
        >
          <i
            class="fe fe-x"
          />
        </button>
        <ul
          class="navbar-nav ml-auto"
        >
          <li
            class="nav-item dropdown"
          >
            <a
              class="nav-link"
              href="/dashboard"
            >
              Dashboard
            </a>
          </li>
          <li
            class="nav-item dropdown"
          >
            <a
              class="nav-link"
              href="/clients"
            >
              Clients
            </a>
          </li>
          <li
            class="nav-item dropdown"
          >
            <a
              class="nav-link"
              href="/invoices"
            >
              Invoices
            </a>
          </li>
          <li
            class="nav-item dropdown"
          >
            <a
              class="nav-link"
              href="/nagging"
            >
              Nagging
            </a>
          </li>
          <li
            class="nav-item dropdown"
          >
            <a
              class="nav-link"
              href="/support"
            >
              Support
            </a>
          </li>
        </ul>
        <a
          class="navbar-btn btn btn-sm btn-primary lift ml-auto"
          href="/sign-up"
        >
          Sign Up
        </a>
      </div>
    </div>
  </nav>
  <main
    class="mt-5 mb-10 pb-10"
  >
    <h1
      class="container"
    >
      <div
        class="row"
      >
        <h1>
          Clients
        </h1>
      </div>
      <div
        class="row"
      >
        <a
          class="btn btn-primary d-inline-flex"
          href="/clients/add"
        >
          <svg
            class="mr-2"
            fill="none"
            height="24"
            stroke="currentColor"
            stroke-linecap="round"
            stroke-linejoin="round"
            stroke-width="2"
            viewBox="0 0 24 24"
            width="24"
            xmlns="http://www.w3.org/2000/svg"
          >
            <line
              x1="12"
              x2="12"
              y1="5"
              y2="19"
            />
            <line
              x1="5"
              x2="19"
              y1="12"
              y2="12"
            />
          </svg>
          Add New Client
        </a>
      </div>
    </h1>
  </main>
</div>
`;
