// Jest Snapshot v1, https://goo.gl/fbAQLP

exports[`<Card /> tests should match snapshot 1`] = `
<div>
  <div
    class="card shadow-light-lg card-border border-success mb-5"
  >
    <div
      class="card-body"
    >
      
    </div>
  </div>
</div>
`;
