// Jest Snapshot v1, https://goo.gl/fbAQLP

exports[`<MobileNavBar /> tests should match snapshot 1`] = `
<MobileNavBar>
  <div>
    Foo
  </div>
</MobileNavBar>
`;
