// Jest Snapshot v1, https://goo.gl/fbAQLP

exports[`<SignInForm /> tests should match snapshot 1`] = `<div />`;
