// Jest Snapshot v1, https://goo.gl/fbAQLP

exports[`<FacebookLoginButton /> tests should match snapshot 1`] = `
<div>
  <p>
    Log in using facebook
  </p>
</div>
`;
