// Jest Snapshot v1, https://goo.gl/fbAQLP

exports[`<SignUpButton /> tests should match snapshot 1`] = `
<div>
  <a
    class="navbar-btn btn btn-sm btn-primary lift ml-auto"
    href="/sign-up"
  >
    Sign Up
  </a>
</div>
`;
