// Jest Snapshot v1, https://goo.gl/fbAQLP

exports[`<ClientDetails /> tests should match snapshot 1`] = `
<div>
  <form>
    <div
      class="form-group narrow d-flex"
    >
      <label
        class="w-25 d-flex align-items-center"
        for="companyName"
      >
        <small>
          Company Name
        </small>
      </label>
      <input
        class="form-control"
        id="companyName"
        placeholder="Company Name"
        type="text"
      />
    </div>
    <div
      class="form-group narrow d-flex"
    >
      <label
        class="w-25 d-flex align-items-center"
        for="idNumber"
      >
        <small>
          ID Number
        </small>
      </label>
      <input
        class="form-control"
        id="idNumber"
        placeholder="ID Number"
        type="text"
      />
    </div>
    <div
      class="form-group narrow d-flex"
    >
      <label
        class="w-25 d-flex align-items-center"
        for="website"
      >
        <small>
          Website
        </small>
      </label>
      <input
        class="form-control"
        id="website"
        placeholder="Website"
        type="text"
      />
    </div>
    <div
      class="form-group narrow d-flex"
    >
      <label
        class="w-25 d-flex align-items-center"
        for="vatNumber"
      >
        <small>
          VAT Number
        </small>
      </label>
      <input
        class="form-control"
        id="vatNumber"
        placeholder="VAT Number"
        type="text"
      />
    </div>
    <div
      class="form-group narrow d-flex"
    >
      <label
        class="w-25 d-flex align-items-center"
        for="phoneNumber"
      >
        <small>
          Phone Number
        </small>
      </label>
      <input
        class="form-control"
        id="phoneNumber"
        placeholder="Phone Number"
        type="text"
      />
    </div>
  </form>
</div>
`;
